<body><!--nghm--><app-root ng-version="20.0.6" ngh="0" ng-server-context="analog"><post-index ngh="0"><h1>bar</h1><h3>1 says:</h3><button>-</button><span>0</span><button>+</button></post-index></app-root><script id="ng-state" type="application/json">{"__nghData__":[{}]}</script></body>
